Uploading package archive...
Archive upload failed, falling back to file-by-file upload: TimeoutError: Request timed out: POST https://registry-api.tscircuit.com/package_files/upload_archive
  ASSEMBLY_PLAN.md - failed
  BOM.md - failed
  CHANGELOG.md - failed
  DESIGN_REVIEW.md - failed
  IMPORTS.md - failed
  ISSUES.md - failed
  MECHANICAL.md - failed
  PLACEMENT_REVIEW.md - failed
  PRE_ROUTING_REVIEW.md - failed
  PUBLICATION.md - failed
  README.md - failed
  REFERENCE_BOARD_REVIEW.md - failed
  ROUTING_AUTHORIZATION.md - failed
  ROUTING_GATE.md - failed
  ROUTING_REVIEW.md - failed
  TEST_PLAN.md - failed
  TOOLCHAIN.md - failed
  U1_FOOTPRINT.md - failed
  VALIDATION.md - failed
  artifacts/pre-route/check-results.md - failed
  artifacts/pre-route/circuit.json - failed
  artifacts/pre-route/hashes.json - failed
  artifacts/pre-route/import-hashes.json - failed
  artifacts/pre-route/import-results.json - failed
  artifacts/pre-route/logs/bom.log - failed
  artifacts/pre-route/logs/build.log - failed
  artifacts/pre-route/logs/design-connectivity.log - failed
  artifacts/pre-route/logs/format-check.log - failed
  artifacts/pre-route/logs/format.log - failed
  artifacts/pre-route/logs/github-ci.log - failed
  artifacts/pre-route/logs/guard.log - failed
  artifacts/pre-route/logs/import-C13564.log - failed
  artifacts/pre-route/logs/import-C14663.log - failed
  artifacts/pre-route/logs/import-C15127.log - failed
  artifacts/pre-route/logs/import-C15850.log - failed
  artifacts/pre-route/logs/import-C178991.log - failed
  artifacts/pre-route/logs/import-C20627123.log - failed
  artifacts/pre-route/logs/import-C21190.log - failed
  artifacts/pre-route/logs/import-C222495.log - failed
  artifacts/pre-route/logs/import-C2286.log - failed
  artifacts/pre-route/logs/import-C2289.log - failed
  artifacts/pre-route/logs/import-C23138.log - failed
  artifacts/pre-route/logs/import-C23206.log - failed
  artifacts/pre-route/logs/import-C23630.log - failed
  artifacts/pre-route/logs/import-C25804.log - failed
  artifacts/pre-route/logs/import-C285392.log - failed
  artifacts/pre-route/logs/import-C4190.log - failed
  artifacts/pre-route/logs/import-C474881.log - failed
  artifacts/pre-route/logs/import-C49257.log - failed
  artifacts/pre-route/logs/import-C5331096.log - failed
  artifacts/pre-route/logs/import-C57112.log - failed
  artifacts/pre-route/logs/import-C83270.log - failed
  artifacts/pre-route/logs/import-C876469.log - failed
  artifacts/pre-route/logs/mechanical.log - failed
  artifacts/pre-route/logs/netlist.log - failed
  artifacts/pre-route/logs/pin-specification.log - failed
  artifacts/pre-route/logs/placement-u1.log - failed
  artifacts/pre-route/logs/placement-u2.log - failed
  artifacts/pre-route/logs/placement.log - failed
  artifacts/pre-route/logs/project-build.log - failed
  artifacts/pre-route/logs/registry-push.log - failed
  artifacts/pre-route/logs/render.log - failed
  artifacts/pre-route/logs/schema.log - failed
  artifacts/pre-route/logs/schematic-placement.log - failed
  artifacts/pre-route/logs/search-C130023.log - failed
  artifacts/pre-route/logs/search-C13564.log - failed
  artifacts/pre-route/logs/search-C14663.log - failed
  artifacts/pre-route/logs/search-C15127.log - failed
  artifacts/pre-route/logs/search-C15850.log - failed
  artifacts/pre-route/logs/search-C20627123.log - failed
  artifacts/pre-route/logs/search-C21190.log - failed
  artifacts/pre-route/logs/search-C2286.log - failed
  artifacts/pre-route/logs/search-C2289.log - failed
  artifacts/pre-route/logs/search-C23630.log - failed
  artifacts/pre-route/logs/search-C25804.log - failed
  artifacts/pre-route/logs/search-C285392.log - failed
  artifacts/pre-route/logs/search-C4190.log - failed
  artifacts/pre-route/logs/search-C474881.log - failed
  artifacts/pre-route/logs/search-C49257.log - failed
  artifacts/pre-route/logs/search-C50506.log - failed
  artifacts/pre-route/logs/search-C5331096.log - failed
  artifacts/pre-route/logs/search-C57112.log - failed
  artifacts/pre-route/logs/search-C876469.log - failed
  artifacts/pre-route/logs/shorts.log - failed
  artifacts/pre-route/logs/source-diagnostics.log - failed
  artifacts/pre-route/logs/source-lock.log - failed
  artifacts/pre-route/logs/tests.log - failed
  artifacts/pre-route/logs/typecheck.log - failed
  artifacts/pre-route/mounting-template.png - failed
  artifacts/pre-route/mounting-template.svg - failed
  artifacts/pre-route/pcb-bottom-unrouted.png - failed
  artifacts/pre-route/pcb-bottom-unrouted.svg - failed
  artifacts/pre-route/pcb-top-unrouted.png - failed
  artifacts/pre-route/pcb-top-unrouted.svg - failed
  artifacts/pre-route/publication.json - failed
  artifacts/pre-route/schematic-Control_Debug.png - failed
  artifacts/pre-route/schematic-Control_Debug.svg - failed
  artifacts/pre-route/schematic-Dual_Motor_Driver.png - failed
  artifacts/pre-route/schematic-Dual_Motor_Driver.svg - failed
  artifacts/pre-route/schematic-Power_Protection.png - failed
  artifacts/pre-route/schematic-Power_Protection.svg - failed
  artifacts/pre-route/schematic-Temperature_Test.png - failed
  artifacts/pre-route/schematic-Temperature_Test.svg - failed
  artifacts/pre-route/sourcing.json - failed

Archive actually completed: 228 files found. Verified 140 source/archive/review hashes without authentication. File-by-file duplicate errors followed the CLI timeout; no source was lost.
Alpha.3 cloud build failed: Python missing and mixed preloaded geometry dependencies. Alpha.4 preserves the copper and fixes the portable build.
