TRACES 72 SEGMENTS 544 HOLE TRACE VIOLATIONS 0 HOLE HOLE VIOLATIONS 0
MINIMA {
  "pcb_via_outer": {
    "hole": "pcb_via_37",
    "hole_net": "BIN1",
    "trace": "saved_phase_null_0_50",
    "trace_net": "BIN2",
    "segment": 13,
    "layer": "top",
    "gap_mm": 0.3249999999999994,
    "minimum_mm": 0.2
  },
  "pcb_via_inner": {
    "hole": "pcb_via_12",
    "hole_net": "VIO",
    "trace": "saved_phase_null_0_47",
    "trace_net": "BIN1",
    "segment": 17,
    "layer": "inner1",
    "gap_mm": 0.337190106270879,
    "minimum_mm": 0.2
  },
  "pcb_plated_hole_outer": {
    "hole": "pcb_plated_hole_11",
    "hole_net": "HOST_AIN1",
    "trace": "saved_phase_null_0_21",
    "trace_net": "VIO",
    "segment": 1,
    "layer": "bottom",
    "gap_mm": 0.5173884000000027,
    "minimum_mm": 0.28
  },
  "pcb_plated_hole_inner": {
    "hole": "pcb_plated_hole_14",
    "hole_net": "HOST_BIN1",
    "trace": "saved_phase_null_0_57",
    "trace_net": "HOST_BIN2",
    "segment": 1,
    "layer": "inner2",
    "gap_mm": 1.4055676467050762,
    "minimum_mm": 0.3
  },
  "pcb_hole_outer": {
    "hole": "pcb_hole_3",
    "hole_net": null,
    "trace": "saved_phase_null_0_34",
    "trace_net": "FAULT_N",
    "segment": 8,
    "layer": "top",
    "gap_mm": 4.6493038848113155,
    "minimum_mm": 0.2
  },
  "pcb_hole_inner": {
    "hole": "pcb_hole_3",
    "hole_net": null,
    "trace": "saved_phase_null_0_34",
    "trace_net": "FAULT_N",
    "segment": 5,
    "layer": "inner1",
    "gap_mm": 7.6867280657840045,
    "minimum_mm": 0.2
  }
}
SHAPE saved_phase_null_0_12 VM bends [{'xy': (-9.6, 0), 'turn_degrees': 135.0, 'adjacent_lengths_mm': [0.15498599999999918, 0.5656854249492382]}, {'xy': (-5.2, 3.6), 'turn_degrees': 97.12, 'adjacent_lengths_mm': [0.7999999999999998, 0.8062255267628287]}] self_crossings []
SHAPE saved_phase_null_0_13 VM bends [{'xy': (-17.5, 1.25), 'turn_degrees': 160.98, 'adjacent_lengths_mm': [1.734906532725088, 0.07071067811865513]}, {'xy': (-17.6, 1.2000000000000002), 'turn_degrees': 135.0, 'adjacent_lengths_mm': [0.05000000000000071, 0.5656854249492372]}] self_crossings [[1, 4]]
SHAPE saved_phase_null_0_19 VIO bends [{'xy': (2.3711983335563636, 11.765482358193601), 'turn_degrees': 109.98, 'adjacent_lengths_mm': [0.6952433183348611, 0.22008656548121738]}, {'xy': (0.5592283552324675, 11.3), 'turn_degrees': 171.3, 'adjacent_lengths_mm': [0.7406476447675326, 0.42785968847059286]}] self_crossings []
SHAPE saved_phase_null_0_26 BOUT1 bends [{'xy': (1.831614354221825, -4.9), 'turn_degrees': 95.4, 'adjacent_lengths_mm': [0.12071691832438947, 0.5995367847250719]}] self_crossings []
SHAPE saved_phase_null_0_35 FAULT_N bends [{'xy': (26.948806898506568, -8.845730303438097), 'turn_degrees': 135.0, 'adjacent_lengths_mm': [0.13738830512944947, 0.07084573541610872]}] self_crossings []
SHAPE saved_phase_null_0_47 BIN1 bends [{'xy': (4.09509607125996, 12.075231004161546), 'turn_degrees': 134.23, 'adjacent_lengths_mm': [0.4050632911392391, 0.14317547690988863]}] self_crossings []
SHAPE saved_phase_null_0_58 A_CMD bends [{'xy': (-2.684337470560476, 16.860320083638392), 'turn_degrees': 152.53, 'adjacent_lengths_mm': [3.507949810788025, 0.8563726030026994]}] self_crossings []
SHAPE saved_phase_null_0_59 B_CMD bends [{'xy': (7.611018871460623, 11.177409172819905), 'turn_degrees': 151.2, 'adjacent_lengths_mm': [0.5295387654370443, 0.5584325119866629]}] self_crossings []
SHAPE saved_phase_null_0_66 TEMP bends [{'xy': (29.090179336895616, -16.782886214219868), 'turn_degrees': 172.66, 'adjacent_lengths_mm': [0.1148832981269155, 0.13174411477982514]}] self_crossings []
POWER saved_phase_null_0_0 VIN 10.638 {'1': 10.638}
POWER saved_phase_null_0_1 VIN_FUSED 0.65 {'0.9899904': 0.365, '1': 0.244, '0.405003': 0.041}
POWER saved_phase_null_0_2 VIN_FUSED 2.932 {'0.405003': 1.455, '1': 1.477}
POWER saved_phase_null_0_3 VIN_FUSED 0.65 {'0.405003': 0.041, '0.9899904': 0.365, '1': 0.244}
POWER saved_phase_null_0_4 VIN_FUSED 0.65 {'0.405003': 0.041, '0.9899904': 0.365, '1': 0.244}
POWER saved_phase_null_0_5 VIN_FUSED 6.448 {'1': 6.161, '0.405003': 0.286}
POWER saved_phase_null_0_6 VM 0.65 {'0.9899904': 0.365, '1': 0.244, '0.405003': 0.041}
POWER saved_phase_null_0_7 VM 0.65 {'0.375': 0.65}
POWER saved_phase_null_0_8 VM 2.568 {'0.7': 2.368, '0.5': 0.2}
POWER saved_phase_null_0_9 VM 7.34 {'0.4': 0.95, '0.325': 2.515, '1': 3.875}
POWER saved_phase_null_0_10 VM 12.09 {'0.4': 0.95, '0.325': 2.515, '1': 8.625}
POWER saved_phase_null_0_11 VM 9.519 {'0.375': 1.081, '1': 8.437}
POWER saved_phase_null_0_12 VM 9.187 {'1': 9.187}
POWER saved_phase_null_0_13 VM 11.462 {'1': 11.462}
POWER saved_phase_null_0_14 VM 7.23 {'1': 7.23}
POWER saved_phase_null_0_15 VM 3.102 {'0.8064754': 0.534, '1': 2.568}
POWER saved_phase_null_0_16 VM 13.482 {'1': 12.911, '0.8064754': 0.571}
POWER saved_phase_null_0_24 AOUT1 22.472 {'0.4': 2.068, '1': 20.404}
POWER saved_phase_null_0_25 AOUT2 21.943 {'0.325': 1.964, '0.25': 2.946, '0.65': 0.982, '1': 16.05}
POWER saved_phase_null_0_26 BOUT1 24.059 {'0.275': 1.131, '0.25': 0.57, '0.35000000000000003': 0.103, '0.42500000000000004': 0.103, '0.55': 0.103, '0.675': 0.121, '0.8': 0.6, '0.9': 0.6, '0.925': 0.938, '1': 11.905, '0.875': 7.889}
POWER saved_phase_null_0_27 BOUT2 26.557 {'0.325': 1.959, '0.41250000000000003': 0.291, '0.525': 0.084, '0.9750000000000001': 0.089, '1': 24.134}
POWER saved_phase_null_0_28 ISEN_A 7.746 {'0.4': 1.15, '0.45': 0.673, '0.6': 1.619, '1': 4.304}
POWER saved_phase_null_0_29 ISEN_A 13.552 {'1': 13.552}
POWER saved_phase_null_0_30 ISEN_B 7.955 {'0.3': 1.324, '0.625': 2.453, '0.75': 2.435, '0.5750000000000001': 0.975, '0.925': 0.769}
POWER saved_phase_null_0_31 ISEN_B 10.723 {'1': 10.723}
POWER saved_phase_null_0_51 VCP 2.05 {'0.25': 2.05}
POWER saved_phase_null_0_52 VINT 2.05 {'0.25': 2.05}
DRILL TO PAD/POUR VIOLATIONS 0
{
  "pcb_via_to_pad": {
    "hole": "pcb_via_40",
    "feature": "pcb_smtpad_80",
    "gap_mm": 0.3002404000000002,
    "minimum_mm": 0.2
  },
  "pcb_via_to_pour": {
    "hole": "pcb_via_35",
    "feature": "pcb_copper_pour_11",
    "layer": "bottom",
    "gap_mm": 0.27295287558305326,
    "minimum_mm": 0.2
  },
  "pcb_plated_hole_to_pad": {
    "hole": "pcb_plated_hole_6",
    "feature": "pcb_plated_hole_7",
    "gap_mm": 1.189989999999999,
    "minimum_mm": 0.28
  },
  "pcb_plated_hole_to_pour": {
    "hole": "pcb_plated_hole_8",
    "feature": "pcb_copper_pour_0",
    "layer": "top",
    "gap_mm": 0.43738819999999856,
    "minimum_mm": 0.2
  },
  "pcb_hole_to_pad": {
    "hole": "pcb_hole_3",
    "feature": "pcb_plated_hole_17",
    "gap_mm": 3.659797923502689,
    "minimum_mm": 0.2
  },
  "pcb_hole_to_pour": {
    "hole": "pcb_hole_0",
    "feature": "pcb_copper_pour_0",
    "layer": "top",
    "gap_mm": 1.8831461185807807,
    "minimum_mm": 0.2
  }
}
