C474881 79187 needed 15
C178991 1664 needed 5
C222495 3495 needed 5
C285392 571 needed 10
C83270 5036 needed 5
C4190 7777261 needed 30
C2289 36842 needed 20
C50506 7599 needed 5
C876469 37 needed 10
C15850 5354718 needed 10
C23630 2679961 needed 5
C57112 6996794 needed 5
C49257 219103 needed 20
C23138 3378018 needed 20
C25804 22096149 needed 25
C130023 3496 needed 5
C14663 57497999 needed 10
C2286 3868252 needed 5
C23206 1023808 needed 5
C13564 279667 needed 5
C21190 22885783 needed 5
C25803 22572532 needed 5
C318884 550343 needed 5
