Building 1 file(s)...
Building index.circuit.tsx...
Generating circuit JSON...
Circuit JSON written to dist/index/circuit.json
The "J" prefix is being used with a <chip />, try using it with a <connector /> or <jumper />
The "F" prefix is being used with a <chip />, try using it with a <fuse />
The "Q" prefix is being used with a <chip />, try using it with a <transistor />
The "J" prefix is being used with a <chip />, try using it with a <connector /> or <jumper />
The "J" prefix is being used with a <chip />, try using it with a <connector /> or <jumper />
The "J" prefix is being used with a <chip />, try using it with a <connector /> or <jumper />
The "J" prefix is being used with a <chip />, try using it with a <connector /> or <jumper />
The "J" prefix is being used with a <chip />, try using it with a <connector /> or <jumper />
The "J" prefix is being used with a <chip />, try using it with a <connector /> or <jumper />
component is inferred to face y+ from its cable insertion center because no explicit footprint insertionDirection is defined, but should face x- so the connector is accessible from the board edge. Set insertionDirection on the <footprint> to specify the actual direction in the footprint's unrotated orientation; for example, <footprint insertionDirection="from_above"> for a connector accessed from above the PCB (+Z).
component is inferred to face y+ from its cable insertion center because no explicit footprint insertionDirection is defined, but should face y- so the connector is accessible from the board edge. Set insertionDirection on the <footprint> to specify the actual direction in the footprint's unrotated orientation; for example, <footprint insertionDirection="from_above"> for a connector accessed from above the PCB (+Z).
component is inferred to face x- from its cable insertion center because no explicit footprint insertionDirection is defined, but should face y+ so the connector is accessible from the board edge. Set insertionDirection on the <footprint> to specify the actual direction in the footprint's unrotated orientation; for example, <footprint insertionDirection="from_above"> for a connector accessed from above the PCB (+Z).
component is inferred to face x- from its cable insertion center because no explicit footprint insertionDirection is defined, but should face x+ so the connector is accessible from the board edge. Set insertionDirection on the <footprint> to specify the actual direction in the footprint's unrotated orientation; for example, <footprint insertionDirection="from_above"> for a connector accessed from above the PCB (+Z).
component is inferred to face y- from its cable insertion center because no explicit footprint insertionDirection is defined, but should face x+ so the connector is accessible from the board edge. Set insertionDirection on the <footprint> to specify the actual direction in the footprint's unrotated orientation; for example, <footprint insertionDirection="from_above"> for a connector accessed from above the PCB (+Z).
All pins on J1 are underspecified (no pinAttributes set)
All pins on F1 are underspecified (no pinAttributes set)
All pins on Q1 are underspecified (no pinAttributes set)
All pins on D1 are underspecified (no pinAttributes set)
All pins on J2 are underspecified (no pinAttributes set)
All pins on J3 are underspecified (no pinAttributes set)
All pins on J4 are underspecified (no pinAttributes set)
All pins on J5 are underspecified (no pinAttributes set)
All pins on J6 are underspecified (no pinAttributes set)
All pins on TH1 are underspecified (no pinAttributes set)
All pins on J7 are underspecified (no pinAttributes set)
J1 has no pin with requires_power=true
F1 has no pin with requires_power=true
Q1 has no pin with requires_power=true
D1 has no pin with requires_power=true
U1 has no pin with requires_power=true
J2 has no pin with requires_power=true
J3 has no pin with requires_power=true
J4 has no pin with requires_power=true
J5 has no pin with requires_power=true
J6 has no pin with requires_power=true
TH1 has no pin with requires_power=true
J7 has no pin with requires_power=true
J1 has no pin with requires_ground=true
F1 has no pin with requires_ground=true
Q1 has no pin with requires_ground=true
D1 has no pin with requires_ground=true
J2 has no pin with requires_ground=true
J3 has no pin with requires_ground=true
J4 has no pin with requires_ground=true
J5 has no pin with requires_ground=true
J6 has no pin with requires_ground=true
TH1 has no pin with requires_ground=true
J7 has no pin with requires_ground=true
F1 is missing schematic reference designator text. For a custom symbol, add name="{REFDES}" inside the symbol.
Q1 is missing schematic reference designator text. For a custom symbol, add name="{REFDES}" inside the symbol.
D1 is missing schematic reference designator text. For a custom symbol, add name="{REFDES}" inside the symbol.
TH1 is missing schematic reference designator text. For a custom symbol, add name="{REFDES}" inside the symbol.
Generating preview images...
[index] Generating PCB SVG...
[index] Written pcb.svg
[index] Generating schematic SVG...
[index] Written schematic.svg

Build complete
  Circuits  1 passed
  Options   pcb-svgs, schematic-svgs
  Output    dist

✓ Done
Build exiting with code 0: build finished successfully
