$ bun run guard:source && tsci build index.circuit.tsx --routing-disabled && python3 scripts/check-mechanical.py && bun run guard
$ bun scripts/check-routing-lock.ts --source-only
PASS: routing lock; 0.30 mm drill / 0.45 mm pad minimums
Building 1 file(s)...
Building index.circuit.tsx...
Generating circuit JSON...
Circuit JSON written to dist/index/circuit.json
The "Q" prefix is being used with a <chip />, try using it with a <transistor />
Component TH1 has ftype="simple_resistor" but reference designator should start with R
Q1 has no pin with requires_power=true
Q1 has no pin with requires_ground=true

Build complete
  Circuits  1 passed
  Output    dist

✓ Done
Build exiting with code 0: build finished successfully
Board: 75 x 60 x 1.6 mm; four-layer; custom chassis mounting pattern
H1: (-32.5, 25) mm; drill 3.2 mm; nearest courtyard J1, gap 6.112 mm beyond 7 mm hardware zone
H2: (32.5, 25) mm; drill 3.2 mm; nearest courtyard J4, gap 5.202 mm beyond 7 mm hardware zone
H3: (-32.5, -25) mm; drill 3.2 mm; nearest courtyard D1, gap 9.299 mm beyond 7 mm hardware zone
H4: (32.5, -25) mm; drill 3.2 mm; nearest courtyard J7, gap 0.732 mm beyond 7 mm hardware zone
PASS: outline, four NPTH holes, four-layer keepouts and 53 courtyard envelopes
NOT VERIFIED: any particular chassis, connector mating envelope, screw/tool access in 3D
$ bun scripts/check-routing-lock.ts
77 | export function checkCircuitLock(input: unknown) {
78 |   if (!Array.isArray(input)) throw new Error("Circuit JSON must be an array")
79 |   const circuit = input.map((element, index) => {
80 |     const parsed = any_circuit_element.safeParse(element)
81 |     if (!parsed.success)
82 |       throw new Error(
                     ^
error: Circuit JSON schema rejects element 797 (pcb_component); inspect scripts/check-schema.ts
      at <anonymous> (/Users/anassarkiz/tsci/dual-tt-motor-driver/scripts/routing-lock.ts:82:17)
      at map (1:11)
      at checkCircuitLock (/Users/anassarkiz/tsci/dual-tt-motor-driver/scripts/routing-lock.ts:79:25)
      at /Users/anassarkiz/tsci/dual-tt-motor-driver/scripts/check-routing-lock.ts:6:3

Bun v1.3.9 (macOS arm64)
error: script "guard" exited with code 1
error: script "build" exited with code 1
