⬆︎ ASSEMBLY_PLAN.md
⬆︎ BOM.md
⬆︎ CHANGELOG.md
⬆︎ DESIGN_REVIEW.md
⬆︎ IMPORTS.md
⬆︎ ISSUES.md
⬆︎ MECHANICAL.md
⬆︎ PLACEMENT_REVIEW.md
⬆︎ PRE_ROUTING_REVIEW.md
⬆︎ PUBLICATION.md
⬆︎ README.md
⬆︎ ROUTING_GATE.md
⬆︎ TEST_PLAN.md
⬆︎ TOOLCHAIN.md
⬆︎ U1_FOOTPRINT.md
⬆︎ VALIDATION.md
⬆︎ artifacts/pre-route/check-results.md
⬆︎ artifacts/pre-route/circuit.json
⬆︎ artifacts/pre-route/hashes.json
⬆︎ artifacts/pre-route/import-hashes.json
⬆︎ artifacts/pre-route/import-results.json
⬆︎ artifacts/pre-route/logs/bom.log
⬆︎ artifacts/pre-route/logs/build.log
⬆︎ artifacts/pre-route/logs/design-connectivity.log
⬆︎ artifacts/pre-route/logs/format-check.log
⬆︎ artifacts/pre-route/logs/format.log
📦 artifacts/pre-route/logs/github-ci.log
⬆︎ artifacts/pre-route/logs/guard.log
⬆︎ artifacts/pre-route/logs/import-C13564.log
⬆︎ artifacts/pre-route/logs/import-C14663.log
⬆︎ artifacts/pre-route/logs/import-C15127.log
⬆︎ artifacts/pre-route/logs/import-C15850.log
⬆︎ artifacts/pre-route/logs/import-C178991.log
⬆︎ artifacts/pre-route/logs/import-C20627123.log
⬆︎ artifacts/pre-route/logs/import-C21190.log
⬆︎ artifacts/pre-route/logs/import-C222495.log
⬆︎ artifacts/pre-route/logs/import-C2286.log
⬆︎ artifacts/pre-route/logs/import-C2289.log
⬆︎ artifacts/pre-route/logs/import-C23138.log
⬆︎ artifacts/pre-route/logs/import-C23206.log
⬆︎ artifacts/pre-route/logs/import-C23630.log
⬆︎ artifacts/pre-route/logs/import-C25804.log
⬆︎ artifacts/pre-route/logs/import-C285392.log
⬆︎ artifacts/pre-route/logs/import-C4190.log
⬆︎ artifacts/pre-route/logs/import-C474881.log
⬆︎ artifacts/pre-route/logs/import-C49257.log
⬆︎ artifacts/pre-route/logs/import-C5331096.log
⬆︎ artifacts/pre-route/logs/import-C57112.log
⬆︎ artifacts/pre-route/logs/import-C83270.log
⬆︎ artifacts/pre-route/logs/import-C876469.log
⬆︎ artifacts/pre-route/logs/mechanical.log
⬆︎ artifacts/pre-route/logs/netlist.log
⬆︎ artifacts/pre-route/logs/pin-specification.log
⬆︎ artifacts/pre-route/logs/placement-u1.log
⬆︎ artifacts/pre-route/logs/placement-u2.log
⬆︎ artifacts/pre-route/logs/placement.log
⬆︎ artifacts/pre-route/logs/project-build.log
⬆︎ artifacts/pre-route/logs/render.log
⬆︎ artifacts/pre-route/logs/schema.log
⬆︎ artifacts/pre-route/logs/schematic-placement.log
⬆︎ artifacts/pre-route/logs/search-C130023.log
⬆︎ artifacts/pre-route/logs/search-C13564.log
⬆︎ artifacts/pre-route/logs/search-C14663.log
⬆︎ artifacts/pre-route/logs/search-C15127.log
⬆︎ artifacts/pre-route/logs/search-C15850.log
⬆︎ artifacts/pre-route/logs/search-C20627123.log
⬆︎ artifacts/pre-route/logs/search-C21190.log
⬆︎ artifacts/pre-route/logs/search-C2286.log
⬆︎ artifacts/pre-route/logs/search-C2289.log
⬆︎ artifacts/pre-route/logs/search-C23630.log
⬆︎ artifacts/pre-route/logs/search-C25804.log
⬆︎ artifacts/pre-route/logs/search-C285392.log
⬆︎ artifacts/pre-route/logs/search-C4190.log
⬆︎ artifacts/pre-route/logs/search-C474881.log
⬆︎ artifacts/pre-route/logs/search-C49257.log
⬆︎ artifacts/pre-route/logs/search-C50506.log
⬆︎ artifacts/pre-route/logs/search-C5331096.log
⬆︎ artifacts/pre-route/logs/search-C57112.log
⬆︎ artifacts/pre-route/logs/search-C876469.log
⬆︎ artifacts/pre-route/logs/shorts.log
⬆︎ artifacts/pre-route/logs/source-diagnostics.log
⬆︎ artifacts/pre-route/logs/source-lock.log
⬆︎ artifacts/pre-route/logs/tests.log
⬆︎ artifacts/pre-route/logs/typecheck.log
📦 artifacts/pre-route/mounting-template.png
⬆︎ artifacts/pre-route/mounting-template.svg
📦 artifacts/pre-route/pcb-bottom-unrouted.png
⬆︎ artifacts/pre-route/pcb-bottom-unrouted.svg
📦 artifacts/pre-route/pcb-top-unrouted.png
⬆︎ artifacts/pre-route/pcb-top-unrouted.svg
⬆︎ artifacts/pre-route/publication.json
📦 artifacts/pre-route/schematic-Control_Debug.png
⬆︎ artifacts/pre-route/schematic-Control_Debug.svg
📦 artifacts/pre-route/schematic-Dual_Motor_Driver.png
⬆︎ artifacts/pre-route/schematic-Dual_Motor_Driver.svg
📦 artifacts/pre-route/schematic-Power_Protection.png
⬆︎ artifacts/pre-route/schematic-Power_Protection.svg
📦 artifacts/pre-route/schematic-Temperature_Test.png
⬆︎ artifacts/pre-route/schematic-Temperature_Test.svg
⬆︎ artifacts/pre-route/sourcing.json
⬆︎ biome.json
⬆︎ bom.csv
⬆︎ bom.json
⬆︎ bun.lock
⬆︎ imports/AO3401A.tsx
⬆︎ imports/A_0453003_MR.tsx
⬆︎ imports/A_0603B103K500NT.tsx
⬆︎ imports/A_0603WAF1001T5E.tsx
⬆︎ imports/A_0603WAF1002T5E.tsx
⬆︎ imports/A_0603WAF2201T5E.tsx
⬆︎ imports/A_0603WAF3300T5E.tsx
⬆︎ imports/A_0603WAF5602T5E.tsx
⬆︎ imports/A_1812L300_24GR.tsx
⬆︎ imports/A_2_54_1_3P_.tsx
⬆︎ imports/CC0603KRX7R9BB104.tsx
⬆︎ imports/CL10A225KO8NNNC.tsx
⬆︎ imports/CL21A106KAYNNNE.tsx
⬆︎ imports/DRV8833PWPR.tsx
⬆︎ imports/KF301_5_0_2P.tsx
⬆︎ imports/KT_0603R.tsx
⬆︎ imports/KT_0603YG.tsx
⬆︎ imports/NCP18XH103F03RB.tsx
⬆︎ imports/RL2512FK_070R15L.tsx
⬆︎ imports/SI7655ADN_T1_GE3.tsx
⬆︎ imports/SMBJ6_0A.tsx
⬆︎ imports/SN74LVC2G86DCTR.tsx
⬆︎ imports/VZH221M1CTR_0607.tsx
⬆︎ index.circuit.tsx
⬆︎ lib/chassis-mounting.tsx
⬆︎ lib/control-debug.tsx
⬆︎ lib/driver-footprint.tsx
⬆︎ lib/driver-part.tsx
⬆︎ lib/fuse-footprint.tsx
⬆︎ lib/motor-driver.tsx
⬆︎ lib/parts.tsx
⬆︎ lib/power-protection.tsx
⬆︎ lib/temperature-test.tsx
⬆︎ package.json
⬆︎ references/core-schema-fix/README.md
⬆︎ references/core-schema-fix/build.log
⬆︎ references/core-schema-fix/core.patch
⬆︎ references/core-schema-fix/regression-after.log
⬆︎ references/core-schema-fix/regression-before.log
⬆︎ references/core-schema-fix/silkscreen-schema-repro.tsx.txt
⬆︎ references/core-schema-fix/typecheck.log
⬆︎ references/mechanical.json
⬆︎ references/selected-parts.json
⬆︎ references/thermal-structures.json
⬆︎ scripts/check-mechanical.py
⬆︎ scripts/check-routing-lock.ts
⬆︎ scripts/check-schema.ts
⬆︎ scripts/check-sourcing.py
⬆︎ scripts/import-selected-parts.py
⬆︎ scripts/make-review-records.py
⬆︎ scripts/record-review-hashes.py
⬆︎ scripts/render-mounting-template.py
⬆︎ scripts/render-pre-route.ts
⬆︎ scripts/routing-lock.ts
⬆︎ tests/design-connectivity.test.ts
⬆︎ tests/routing-lock.test.ts
⬆︎ tscircuit.config.json
⬆︎ tsconfig.json


Upload Summary
  Succeeded: 162 files


"@tsci/AnasSarkiz.dual-tt-motor-driver@0.1.0-alpha.2-unrouted" published!
https://tscircuit.com/AnasSarkiz/dual-tt-motor-driver
